INFO __main__: note_executor checkpoint: current v6 (dur_vocab=18, tempo_embed=True)
Loading models …
Models loaded.

============================================================
  ii_V_I_C
  File        : outputs\auditions_v68_compare\v67\ii_V_I_C_rhythm_swing_phrase_shaped_register_continuity_phrase_diverse3_cadence_preserved_bebop_approach_section_cadence_target_contour.mid
  Total notes : 45
  Total dur   : 12.9s
  Pitch range : 60 – 81 MIDI  (C4–A5)
  Clamped     : 0 notes
  Dur fallback: 0
  Vocab       : all chords found

  Chord      Beats  Phrase        Notes  Clamped  Distinct  DurFall  Plausible
  --------------------------------------------------------------------------------
  Dm7            4  PHRASE_22         8        0         6        0  ✓
  G7             4  PHRASE_59        15        0         8        0  ✓
  Cj7            8  PHRASE_59        15        0        10        0  ✓
  Cj7            8  PHRASE_19         8        0         5        0  ✓

============================================================
  blues_F
  File        : outputs\auditions_v68_compare\v67\blues_F_rhythm_swing_phrase_shaped_register_continuity_phrase_diverse3_cadence_preserved_bebop_approach_section_cadence_target_contour.mid
  Total notes : 139
  Total dur   : 46.9s
  Pitch range : 48 – 80 MIDI  (C3–G#5)
  Clamped     : 0 notes
  Dur fallback: 0
  Vocab       : all chords found

  Chord      Beats  Phrase        Notes  Clamped  Distinct  DurFall  Plausible
  --------------------------------------------------------------------------------
  F7             4  PHRASE_14         8        0         5        0  ✓
  Bb7            4  PHRASE_53         8        0         7        0  ✓
  F7             4  PHRASE_53         8        0         6        0  ✓
  F7             4  PHRASE_43        20        0        13        0  ✓
  Bb7            4  PHRASE_53         8        0         6        0  ✓
  Bb7            4  PHRASE_42         9        0         6        0  ✓
  F7             4  PHRASE_24        11        0         7        0  ✓
  D7             4  PHRASE_42         9        0         6        0  ✓
  Gm7            4  PHRASE_42         9        0         8        0  ✓
  C7             4  PHRASE_40        18        0         9        0  ✓
  F7             4  PHRASE_26        18        0        11        0  ✓
  C7             4  PHRASE_43        20        0        12        0  ✓

============================================================
  autumn_leaves
  File        : outputs\auditions_v68_compare\v67\autumn_leaves_rhythm_swing_phrase_shaped_register_continuity_phrase_diverse3_cadence_preserved_bebop_approach_section_cadence_target_contour.mid
  Total notes : 126
  Total dur   : 42.5s
  Pitch range : 48 – 84 MIDI  (C3–C6)
  Clamped     : 0 notes
  Dur fallback: 0
  Vocab       : all chords found

  Chord      Beats  Phrase        Notes  Clamped  Distinct  DurFall  Plausible
  --------------------------------------------------------------------------------
  Cm7            4  PHRASE_41         8        0         5        0  ✓
  F7             4  PHRASE_41         8        0         7        0  ✓
  Bbj7           4  PHRASE_33        27        0        12        0  ✓
  Ebj7           4  PHRASE_33        27        0        16        0  ✓
  Am7b5          4  PHRASE_22         8        0         5        0  ✓
  D7             4  PHRASE_57        12        0         7        0  ✓
  Gm7            8  PHRASE_59        15        0         8        0  ✓
  Gm7            8  PHRASE_33        27        0        13        0  ✓

Files saved to: outputs\auditions_v68_compare\v67/
